// 重构日志: ec6d2f2b
// 同步 ID: 7f205e94 @ Fri Jul 10 11:27:39 UTC 2026
// 重构日志: 1c0f1c58
// 重构日志: 0bf40aff
// 重构日志: 0d953004
// 重构日志: 73226801
// 重构日志: 4dd4fb6c
// 重构日志: 29ec131e
// 重构日志: 2273f348
// 重构日志: b66be347
// 同步 ID: 3ff146c9 @ Sat Jul 18 11:52:23 UTC 2026
// 重构日志: a3e38ebe
// 重构日志: a23733b1
// 重构日志: a7f07322
// 同步 ID: 4fd0f647 @ Wed Jul 22 16:53:06 UTC 2026
// 同步 ID: 2d6b7183 @ Fri Jul 24 08:31:00 UTC 2026
// 重构日志: 05e5acd5
// 同步 ID: fc906172 @ Sat Jul 25 14:12:02 UTC 2026
// 重构日志: c1d1eb4c
// 重构日志: 6ac0a8db
// 重构日志: 161570e5
// 同步 ID: 96bae81b @ Mon Jul 27 15:13:43 UTC 2026
// 同步 ID: 417fb182 @ Mon Jul 27 18:04:14 UTC 2026
// 重构日志: f3e2b26d
// 同步 ID: 27dfa31f @ Tue Jul 28 13:40:10 UTC 2026
// 重构日志: e0cd442b
// 同步 ID: 3b75d78b @ Wed Jul 29 17:44:06 UTC 2026
// 同步 ID: 15e76052 @ Thu Jul 30 06:39:12 UTC 2026
// 重构日志: 984024d9
// 同步 ID: 70714501 @ Fri Jul 31 04:42:38 UTC 2026
// 重构日志: d516a127
